[geekprank.com/bios/index.html]
[backblue.gif]
[fade.gif]
[index.html]
[geekprank.com/bios/style.css]
[geekprank.com/boot-device-not-found/index.html]
[geekprank.com/bios/index.html]
[geekprank.com/bios/script.js]
[code.jquery.com/jquery-1.12.4.js]
[geekprank.com/images/screenshot.jpg]
[geekprank.com/boot-device-not-found/stylef0b5.css]
[geekprank.com/boot-device-not-found/script.js]
[geekprank.com/boot-device-not-found/dell.png]
[geekprank.com/boot-device-not-found/index.html]
[geekprank.com/bios/fonts/Perfect.eot]
[geekprank.com/bios/fonts/Perfect.woff]
[geekprank.com/bios/fonts/Perfect.ttf]
[geekprank.com/bios/style.css]
[geekprank.com/bios/fonts/Perfect.svg]
[geekprank.com/boot-device-not-found/fonts/Perfect.eot]
[geekprank.com/boot-device-not-found/fonts/Perfect.woff]
[geekprank.com/boot-device-not-found/fonts/Perfect.ttf]
[geekprank.com/boot-device-not-found/fonts/Perfect.svg]
[geekprank.com/boot-device-not-found/stylef0b5.css]
[geekprank.com/boot-device-not-found/cursor.png]
[geekprank.com/bios/fonts/Perfect.svg]
[geekprank.com/boot-device-not-found/fonts/Perfect.svg]
